repository(リポジトリ)：変更履歴を記録する場所。
commit：個人リポジトリに変更履歴を記録。
push：共有リポジトリ（サーバ）に変更を共有。

pull：共有リポジトリの情報(サーバ)を同期。

GitHub：Gitリポジトリ(コード)のホスティングサービス。
　　　　ソーシャルコーディングの場でもある。

Githubの特徴
　・プルリクエストによるコラボレーション。
　　変更の履歴を反映登録リクエスト。
　・他チームのソフトウェアが見える。参加も出来る。

Gitリポジトリのホスティングサービス
　・GitHub
　　・公開リポジトリは無料
　　・非公開リポジトリは有料
　・Bitbucket
　　・非公開リポジトリを無料
　　・個人や２・３名なら無料、チーム開発が有料

GitBash
$ git version
git version 2.16.2.windows.1

＊＊初期設定＊＊
N1400501+14005@N1400501 MINGW64 ~
$ git config --global user.name "Yoshiro Kudo"

N1400501+14005@N1400501 MINGW64 ~
$ git config --global user.email Kudou-y@ksc.co.jp

＊＊ローカルリポジトリの新規作成
$ git init
Initialized empty Git repository in C:/Users/14005/.git/

＊＊ローカルリポジトリの新規作成
$ cd desktop/git_first
$ git init
Initialized empty Git repository in C:/Users/14005/Desktop/git_first/.git/

＊＊基本的なワークフロー
1.ファイルの変更をステージングエリアへ追加
　　git add

2.ローカルリポジトリにコミット
    git commit

3.リモートリポジトリにプッシュ
    git pish


$ git add git.txt

N1400501+14005@N1400501 MINGW64 ~/Desktop/git_first (master)
$ git commit
[master (root-commit) 6a184ff] Intial commit
 1 file changed, 51 insertions(+)
 create mode 100644 git.txt

ブラウザで　＋：新しいリポジトリを作成。　YoshiroKudo/intro_git

N1400501+14005@N1400501 MINGW64 ~/Desktop/git_first (master)
$ git remote add origin https://github.com/YoshiroKudo/intro_git.git
  
  ⇒　変更履歴画面が立ち上がるので、viコマンドでコメント追加

$ git push -u origin master
Counting objects: 3, done.
Delta compression using up to 4 threads.
Compressing objects: 100% (2/2), done.
Writing objects: 100% (3/3), 936 bytes | 936.00 KiB/s, done.
Total 3 (delta 0), reused 0 (delta 0)
To https://github.com/YoshiroKudo/intro_git.git
 * [new branch]      master -> master
Branch 'master' set up to track remote branch 'master' from 'origin'.

＊＊変更をコミットする
1.ファイルの変更をステージングエリアへ追加
　複数ファイルを変更したときに、コミットするファイルを選択するためにあるのが
　ステージングエリア。
　　git add [ファイル名]
　　git add .  ⇒全てのファイル

2.ローカルリポジトリにコミット
　変更にメッセージを付けてリポジトリに記録するのがコミット。
　コミットする事で変更がリポジトリ内に時系列で記録される。
    git commit
　コミットメッセージ
　１行目：変更内容の要約
　２行目：空白
　３行目：変更した理由

N1400501+14005@N1400501 MINGW64 ~/Desktop/git_first (master)
$ git status
On branch master
Your branch is up to date with 'origin/master'.

nothing to commit, working tree clean
⇒変更されたものはなし